2026-07-15 14:38:15,750 INFO __main__: loading checkpoint outputs/deliverables/b0_v31_breadth_first_20260711/model/best.pt (device cuda)
2026-07-15 14:38:18,343 INFO __main__: resolved 3364731 pairs from file:outputs/s0_cache/manifests/all_seeds.tsv
2026-07-15 14:38:18,343 INFO __main__: shard 0/2: rows [0, 1682366) -> outputs/s0_cache/b0_v31_egostitch_pairs.shard-0.npz
2026-07-15 14:38:24,981 INFO __main__: loaded packed feature table from outputs/feature_packs/b0_v31_bf16 in 6.588 seconds
2026-07-15 14:38:30,310 INFO __main__: cached 8070 unique node encodings in 4.201 seconds (1921.0 nodes/s)
2026-07-15 14:38:40,824 INFO __main__: scored 50762/1682366 rows
2026-07-15 14:38:51,983 INFO __main__: scored 101962/1682366 rows
2026-07-15 14:39:02,678 INFO __main__: scored 151114/1682366 rows
2026-07-15 14:39:21,391 INFO __main__: scored 201272/1682366 rows
2026-07-15 14:39:41,419 INFO __main__: scored 250412/1682366 rows
2026-07-15 14:40:01,996 INFO __main__: scored 300917/1682366 rows
2026-07-15 14:40:22,023 INFO __main__: scored 350057/1682366 rows
2026-07-15 14:40:42,616 INFO __main__: scored 400562/1682366 rows
2026-07-15 14:41:03,147 INFO __main__: scored 451067/1682366 rows
2026-07-15 14:41:30,406 INFO __main__: scored 500191/1682366 rows
2026-07-15 14:42:02,210 INFO __main__: scored 550367/1682366 rows
2026-07-15 14:42:34,000 INFO __main__: scored 600543/1682366 rows
2026-07-15 14:43:05,813 INFO __main__: scored 650719/1682366 rows
2026-07-15 14:43:37,605 INFO __main__: scored 700895/1682366 rows
2026-07-15 14:44:08,758 INFO __main__: scored 750047/1682366 rows
2026-07-15 14:44:40,515 INFO __main__: scored 800223/1682366 rows
2026-07-15 14:45:12,257 INFO __main__: scored 850399/1682366 rows
2026-07-15 14:46:12,559 INFO __main__: scored 900622/1682366 rows
2026-07-15 14:47:16,459 INFO __main__: scored 950408/1682366 rows
2026-07-15 14:48:20,359 INFO __main__: scored 1000194/1682366 rows
2026-07-15 14:49:25,092 INFO __main__: scored 1050662/1682366 rows
2026-07-15 14:50:28,995 INFO __main__: scored 1100448/1682366 rows
2026-07-15 14:51:32,974 INFO __main__: scored 1150234/1682366 rows
2026-07-15 14:52:36,885 INFO __main__: scored 1200020/1682366 rows
2026-07-15 14:53:41,701 INFO __main__: scored 1250488/1682366 rows
2026-07-15 14:54:45,480 INFO __main__: scored 1300274/1682366 rows
2026-07-15 14:55:49,277 INFO __main__: scored 1350060/1682366 rows
2026-07-15 14:56:53,890 INFO __main__: scored 1400528/1682366 rows
2026-07-15 14:58:18,737 INFO __main__: scored 1450023/1682366 rows
2026-07-15 15:00:03,038 INFO __main__: scored 1500199/1682366 rows
2026-07-15 15:01:47,319 INFO __main__: scored 1550375/1682366 rows
2026-07-15 15:03:30,839 INFO __main__: scored 1600039/1682366 rows
2026-07-15 15:05:15,067 INFO __main__: scored 1650215/1682366 rows
2026-07-15 15:06:21,789 INFO __main__: packed scoring completed 1682366 rows in 2019 batches over 1671.299 seconds (1006.6 rows/s)
2026-07-15 15:06:23,522 INFO __main__: wrote 1682366 scored rows to outputs/s0_cache/b0_v31_egostitch_pairs.shard-0.npz
